
> bitget-ai-redteam-desk@0.1.0 test:core
> npm run build:core && node --env-file=.env.local --test tests/*.test.cjs


> bitget-ai-redteam-desk@0.1.0 build:core
> tsc -p tsconfig.core.json

TAP version 13
# Challenger JSON parse failed, retrying with stronger format instructions...
# Extractor JSON parse failed, retrying with stronger format instructions...
# Extractor JSON parse failed, retrying with stronger format instructions...
# LLM Request failed, retrying once...
# LLM CLIENT ERROR (Retry failed): Error: LLM request failed (429): Too Many Requests
#     at LLMProvider.chat (C:\\Users\\HP\\Desktop\\newBitgetProject\\dist-core\\src\\core\\thesis\\llmClient.js:43:23)
#     at async extractThesis (C:\\Users\\HP\\Desktop\\newBitgetProject\\dist-core\\src\\core\\thesis\\extractor.js:73:20)
#     at async DecisionDeskService.runWorkflow (C:\\Users\\HP\\Desktop\\newBitgetProject\\dist-core\\src\\services\\decisionDeskService.js:105:26)
#     at async TestContext.<anonymous> (C:\\Users\\HP\\Desktop\\newBitgetProject\\tests\\adversarial-llm.test.cjs:190:20)
#     at async Test.run (node:internal/test_runner/test:1054:7)
#     at async TestContext.<anonymous> (C:\\Users\\HP\\Desktop\\newBitgetProject\\tests\\adversarial-llm.test.cjs:183:3)
#     at async Test.run (node:internal/test_runner/test:1054:7)
#     at async startSubtestAfterBootstrap (node:internal/test_runner/harness:296:3)
# Extractor JSON parse failed, retrying with stronger format instructions...
# LLM Request failed, retrying once...
# LLM CLIENT ERROR (Retry failed): Error: LLM request failed (429): Too Many Requests
#     at LLMProvider.chat (C:\\Users\\HP\\Desktop\\newBitgetProject\\dist-core\\src\\core\\thesis\\llmClient.js:43:23)
#     at async extractThesis (C:\\Users\\HP\\Desktop\\newBitgetProject\\dist-core\\src\\core\\thesis\\extractor.js:73:20)
#     at async DecisionDeskService.runWorkflow (C:\\Users\\HP\\Desktop\\newBitgetProject\\dist-core\\src\\services\\decisionDeskService.js:105:26)
#     at async TestContext.<anonymous> (C:\\Users\\HP\\Desktop\\newBitgetProject\\tests\\adversarial-llm.test.cjs:190:20)
#     at async Test.run (node:internal/test_runner/test:1054:7)
#     at async TestContext.<anonymous> (C:\\Users\\HP\\Desktop\\newBitgetProject\\tests\\adversarial-llm.test.cjs:183:3)
#     at async Test.run (node:internal/test_runner/test:1054:7)
#     at async startSubtestAfterBootstrap (node:internal/test_runner/harness:296:3)
# LLM Request failed, retrying once...
# LLM CLIENT ERROR (Retry failed): Error: LLM request failed (500): Internal Server Error
#     at LLMProvider.chat (C:\\Users\\HP\\Desktop\\newBitgetProject\\dist-core\\src\\core\\thesis\\llmClient.js:43:23)
#     at async extractThesis (C:\\Users\\HP\\Desktop\\newBitgetProject\\dist-core\\src\\core\\thesis\\extractor.js:73:20)
#     at async DecisionDeskService.runWorkflow (C:\\Users\\HP\\Desktop\\newBitgetProject\\dist-core\\src\\services\\decisionDeskService.js:105:26)
#     at async TestContext.<anonymous> (C:\\Users\\HP\\Desktop\\newBitgetProject\\tests\\adversarial-llm.test.cjs:203:20)
#     at async Test.run (node:internal/test_runner/test:1054:7)
#     at async TestContext.<anonymous> (C:\\Users\\HP\\Desktop\\newBitgetProject\\tests\\adversarial-llm.test.cjs:196:3)
#     at async Test.run (node:internal/test_runner/test:1054:7)
#     at async startSubtestAfterBootstrap (node:internal/test_runner/harness:296:3)
# Extractor JSON parse failed, retrying with stronger format instructions...
# LLM Request failed, retrying once...
# LLM CLIENT ERROR (Retry failed): Error: LLM request failed (500): Internal Server Error
#     at LLMProvider.chat (C:\\Users\\HP\\Desktop\\newBitgetProject\\dist-core\\src\\core\\thesis\\llmClient.js:43:23)
#     at async extractThesis (C:\\Users\\HP\\Desktop\\newBitgetProject\\dist-core\\src\\core\\thesis\\extractor.js:73:20)
#     at async DecisionDeskService.runWorkflow (C:\\Users\\HP\\Desktop\\newBitgetProject\\dist-core\\src\\services\\decisionDeskService.js:105:26)
#     at async TestContext.<anonymous> (C:\\Users\\HP\\Desktop\\newBitgetProject\\tests\\adversarial-llm.test.cjs:203:20)
#     at async Test.run (node:internal/test_runner/test:1054:7)
#     at async TestContext.<anonymous> (C:\\Users\\HP\\Desktop\\newBitgetProject\\tests\\adversarial-llm.test.cjs:196:3)
#     at async Test.run (node:internal/test_runner/test:1054:7)
#     at async startSubtestAfterBootstrap (node:internal/test_runner/harness:296:3)
# LLM Request failed, retrying once...
# LLM CLIENT ERROR (Retry failed): Error [AbortError]: The operation was aborted due to timeout
#     at C:\\Users\\HP\\Desktop\\newBitgetProject\\tests\\adversarial-llm.test.cjs:213:21
#     at C:\\Users\\HP\\Desktop\\newBitgetProject\\tests\\adversarial-llm.test.cjs:50:14
#     at Object.apply (node:internal/test_runner/mock/mock:765:20)
#     at LLMProvider.chat (C:\\Users\\HP\\Desktop\\newBitgetProject\\dist-core\\src\\core\\thesis\\llmClient.js:31:36)
#     at LLMProvider.chat (C:\\Users\\HP\\Desktop\\newBitgetProject\\dist-core\\src\\core\\thesis\\llmClient.js:102:29)
#     at async extractThesis (C:\\Users\\HP\\Desktop\\newBitgetProject\\dist-core\\src\\core\\thesis\\extractor.js:73:20)
#     at async DecisionDeskService.runWorkflow (C:\\Users\\HP\\Desktop\\newBitgetProject\\dist-core\\src\\services\\decisionDeskService.js:105:26)
#     at async TestContext.<anonymous> (C:\\Users\\HP\\Desktop\\newBitgetProject\\tests\\adversarial-llm.test.cjs:218:20)
#     at async Test.run (node:internal/test_runner/test:1054:7)
#     at async TestContext.<anonymous> (C:\\Users\\HP\\Desktop\\newBitgetProject\\tests\\adversarial-llm.test.cjs:209:3)
# Extractor JSON parse failed, retrying with stronger format instructions...
# LLM Request failed, retrying once...
# LLM CLIENT ERROR (Retry failed): Error [AbortError]: The operation was aborted due to timeout
#     at C:\\Users\\HP\\Desktop\\newBitgetProject\\tests\\adversarial-llm.test.cjs:213:21
#     at C:\\Users\\HP\\Desktop\\newBitgetProject\\tests\\adversarial-llm.test.cjs:50:14
#     at Object.apply (node:internal/test_runner/mock/mock:765:20)
#     at LLMProvider.chat (C:\\Users\\HP\\Desktop\\newBitgetProject\\dist-core\\src\\core\\thesis\\llmClient.js:31:36)
#     at LLMProvider.chat (C:\\Users\\HP\\Desktop\\newBitgetProject\\dist-core\\src\\core\\thesis\\llmClient.js:102:29)
#     at async extractThesis (C:\\Users\\HP\\Desktop\\newBitgetProject\\dist-core\\src\\core\\thesis\\extractor.js:73:20)
#     at async DecisionDeskService.runWorkflow (C:\\Users\\HP\\Desktop\\newBitgetProject\\dist-core\\src\\services\\decisionDeskService.js:105:26)
#     at async TestContext.<anonymous> (C:\\Users\\HP\\Desktop\\newBitgetProject\\tests\\adversarial-llm.test.cjs:218:20)
#     at async Test.run (node:internal/test_runner/test:1054:7)
#     at async TestContext.<anonymous> (C:\\Users\\HP\\Desktop\\newBitgetProject\\tests\\adversarial-llm.test.cjs:209:3)
# Assessment JSON parse failed, retrying with stronger format instructions...
# Subtest: Adversarial LLM Tests
    # Subtest: Valid JSON with unknown evidence IDs
    ok 1 - Valid JSON with unknown evidence IDs
      ---
      duration_ms: 48.9588
      type: 'test'
      ...
    # Subtest: Valid JSON with wrong enum values (Schema rejection)
    ok 2 - Valid JSON with wrong enum values (Schema rejection)
      ---
      duration_ms: 10.5406
      type: 'test'
      ...
    # Subtest: Invalid JSON (Schema rejection)
    ok 3 - Invalid JSON (Schema rejection)
      ---
      duration_ms: 3.6798
      type: 'test'
      ...
    # Subtest: Empty strings and huge generated strings
    ok 4 - Empty strings and huge generated strings
      ---
      duration_ms: 32.4446
      type: 'test'
      ...
    # Subtest: Provider 429 Rate Limit
    ok 5 - Provider 429 Rate Limit
      ---
      duration_ms: 11.8272
      type: 'test'
      ...
    # Subtest: Provider 5xx Server Error
    ok 6 - Provider 5xx Server Error
      ---
      duration_ms: 3.9694
      type: 'test'
      ...
    # Subtest: Provider Timeout
    ok 7 - Provider Timeout
      ---
      duration_ms: 4.2162
      type: 'test'
      ...
    # Subtest: Prompt Injection in User Text
    ok 8 - Prompt Injection in User Text
      ---
      duration_ms: 9.0798
      type: 'test'
      ...
    # Subtest: Partial Workflow on Assessor Failure
    not ok 9 - Partial Workflow on Assessor Failure
      ---
      duration_ms: 6.3989
      type: 'test'
      location: 'C:\\Users\\HP\\Desktop\\newBitgetProject\\tests\\adversarial-llm.test.cjs:275:11'
      failureType: 'testCodeFailure'
      error: "Cannot read properties of null (reading 'thesisQuality')"
      code: 'ERR_TEST_FAILURE'
      name: 'TypeError'
      stack: |-
        TestContext.<anonymous> (C:\Users\HP\Desktop\newBitgetProject\tests\adversarial-llm.test.cjs:319:49)
        async Test.run (node:internal/test_runner/test:1054:7)
        async TestContext.<anonymous> (C:\Users\HP\Desktop\newBitgetProject\tests\adversarial-llm.test.cjs:275:3)
        async Test.run (node:internal/test_runner/test:1054:7)
        async startSubtestAfterBootstrap (node:internal/test_runner/harness:296:3)
      ...
    # Subtest: Final verdict remains deterministic
    ok 10 - Final verdict remains deterministic
      ---
      duration_ms: 7.4041
      type: 'test'
      ...
    1..10
not ok 1 - Adversarial LLM Tests
  ---
  duration_ms: 147.6937
  type: 'test'
  location: 'C:\\Users\\HP\\Desktop\\newBitgetProject\\tests\\adversarial-llm.test.cjs:41:1'
  failureType: 'subtestsFailed'
  error: '1 subtest failed'
  code: 'ERR_TEST_FAILURE'
  ...
# Subtest: DecisionDeskService workflow returns DECISION_READY for complete reference prompt
ok 2 - DecisionDeskService workflow returns DECISION_READY for complete reference prompt
  ---
  duration_ms: 16.6457
  type: 'test'
  ...
# Subtest: DecisionDeskService workflow requests clarification when size is omitted
ok 3 - DecisionDeskService workflow requests clarification when size is omitted
  ---
  duration_ms: 5.5605
  type: 'test'
  ...
# Subtest: DecisionDeskService workflow handles structured TradeIdea input
ok 4 - DecisionDeskService workflow handles structured TradeIdea input
  ---
  duration_ms: 1.7735
  type: 'test'
  ...
# Subtest: parseBitgetTicker parses valid ticker payload correctly
ok 5 - parseBitgetTicker parses valid ticker payload correctly
  ---
  duration_ms: 9.1056
  type: 'test'
  ...
# Subtest: parseBitgetTicker throws on missing or zero lastPrice
ok 6 - parseBitgetTicker throws on missing or zero lastPrice
  ---
  duration_ms: 0.8894
  type: 'test'
  ...
# Subtest: parseBitgetTicker handles empty optional fields gracefully
ok 7 - parseBitgetTicker handles empty optional fields gracefully
  ---
  duration_ms: 0.5719
  type: 'test'
  ...
# Subtest: parseBitgetInstrument correctly identifies Reality tokens
ok 8 - parseBitgetInstrument correctly identifies Reality tokens
  ---
  duration_ms: 0.5861
  type: 'test'
  ...
# Subtest: BitgetClient integration tests
    # Subtest: success returns ticker
    ok 1 - success returns ticker
      ---
      duration_ms: 104.5206
      type: 'test'
      ...
    # Subtest: non-zero Bitget code throws
    ok 2 - non-zero Bitget code throws
      ---
      duration_ms: 12.2174
      type: 'test'
      ...
    # Subtest: empty data array throws
    ok 3 - empty data array throws
      ---
      duration_ms: 13.1218
      type: 'test'
      ...
    # Subtest: malformed numeric fields throw
    ok 4 - malformed numeric fields throw
      ---
      duration_ms: 11.9242
      type: 'test'
      ...
    # Subtest: stale timestamp or missing timestamp throws
    ok 5 - stale timestamp or missing timestamp throws
      ---
      duration_ms: 19.5849
      type: 'test'
      ...
    # Subtest: instrument inactive status
    ok 6 - instrument inactive status
      ---
      duration_ms: 6.3396
      type: 'test'
      ...
    # Subtest: instrument is not reality
    ok 7 - instrument is not reality
      ---
      duration_ms: 7.211
      type: 'test'
      ...
    1..7
ok 9 - BitgetClient integration tests
  ---
  duration_ms: 248.9538
  type: 'test'
  ...
# Subtest: position quantity calculation
ok 10 - position quantity calculation
  ---
  duration_ms: 3.1498
  type: 'test'
  ...
# Subtest: spread and spread percentage
ok 11 - spread and spread percentage
  ---
  duration_ms: 0.7162
  type: 'test'
  ...
# Subtest: basis
ok 12 - basis
  ---
  duration_ms: 0.6118
  type: 'test'
  ...
# Subtest: scenario P&L for long and short
ok 13 - scenario P&L for long and short
  ---
  duration_ms: 2.7866
  type: 'test'
  ...
# Subtest: classifyPositionQuality STRONGER when loss small and normal liquidity
not ok 14 - classifyPositionQuality STRONGER when loss small and normal liquidity
  ---
  duration_ms: 6.3316
  type: 'test'
  location: 'C:\\Users\\HP\\Desktop\\newBitgetProject\\tests\\classifyPosition.test.cjs:31:1'
  failureType: 'testCodeFailure'
  error: |-
    Expected values to be strictly equal:
    + actual - expected
    
    + 'WEAKER'
    - 'STRONGER'
    
  code: 'ERR_ASSERTION'
  name: 'AssertionError'
  expected: 'STRONGER'
  actual: 'WEAKER'
  operator: 'strictEqual'
  stack: |-
    TestContext.<anonymous> (C:\Users\HP\Desktop\newBitgetProject\tests\classifyPosition.test.cjs:34:10)
    Test.runInAsyncScope (node:async_hooks:214:14)
    Test.run (node:internal/test_runner/test:1047:25)
    Test.start (node:internal/test_runner/test:944:17)
    startSubtestAfterBootstrap (node:internal/test_runner/harness:296:17)
  ...
# Subtest: classifyPositionQuality WEAKER when loss moderate but thin liquidity downgrades
ok 15 - classifyPositionQuality WEAKER when loss moderate but thin liquidity downgrades
  ---
  duration_ms: 0.6891
  type: 'test'
  ...
# Subtest: classifyPositionQuality WEAKER when high basis impact forces downgrade
ok 16 - classifyPositionQuality WEAKER when high basis impact forces downgrade
  ---
  duration_ms: 0.9103
  type: 'test'
  ...
# Subtest: Execution Risk: tiny position vs large visible liquidity
ok 17 - Execution Risk: tiny position vs large visible liquidity
  ---
  duration_ms: 0.6856
  type: 'test'
  ...
# Subtest: Execution Risk: moderate position vs visible liquidity
ok 18 - Execution Risk: moderate position vs visible liquidity
  ---
  duration_ms: 2.5454
  type: 'test'
  ...
# Subtest: Execution Risk: position larger than visible liquidity threshold
ok 19 - Execution Risk: position larger than visible liquidity threshold
  ---
  duration_ms: 0.6537
  type: 'test'
  ...
# Subtest: Execution Risk: missing ask size for LONG does not downgrade size
not ok 20 - Execution Risk: missing ask size for LONG does not downgrade size
  ---
  duration_ms: 1.1055
  type: 'test'
  location: 'C:\\Users\\HP\\Desktop\\newBitgetProject\\tests\\classifyPosition.test.cjs:83:1'
  failureType: 'testCodeFailure'
  error: |-
    Expected values to be strictly equal:
    + actual - expected
    
    + 'WEAKER'
    - 'STRONGER'
    
  code: 'ERR_ASSERTION'
  name: 'AssertionError'
  expected: 'STRONGER'
  actual: 'WEAKER'
  operator: 'strictEqual'
  stack: |-
    TestContext.<anonymous> (C:\Users\HP\Desktop\newBitgetProject\tests\classifyPosition.test.cjs:89:10)
    Test.runInAsyncScope (node:async_hooks:214:14)
    Test.run (node:internal/test_runner/test:1047:25)
    Test.processPendingSubtests (node:internal/test_runner/test:744:18)
    Test.postRun (node:internal/test_runner/test:1173:19)
    Test.run (node:internal/test_runner/test:1101:12)
    async Test.processPendingSubtests (node:internal/test_runner/test:744:7)
  ...
# Subtest: Execution Risk: missing bid size for SHORT does not downgrade size
not ok 21 - Execution Risk: missing bid size for SHORT does not downgrade size
  ---
  duration_ms: 0.967
  type: 'test'
  location: 'C:\\Users\\HP\\Desktop\\newBitgetProject\\tests\\classifyPosition.test.cjs:94:1'
  failureType: 'testCodeFailure'
  error: |-
    Expected values to be strictly equal:
    + actual - expected
    
    + 'WEAKER'
    - 'STRONGER'
    
  code: 'ERR_ASSERTION'
  name: 'AssertionError'
  expected: 'STRONGER'
  actual: 'WEAKER'
  operator: 'strictEqual'
  stack: |-
    TestContext.<anonymous> (C:\Users\HP\Desktop\newBitgetProject\tests\classifyPosition.test.cjs:100:10)
    Test.runInAsyncScope (node:async_hooks:214:14)
    Test.run (node:internal/test_runner/test:1047:25)
    Test.processPendingSubtests (node:internal/test_runner/test:744:18)
    Test.postRun (node:internal/test_runner/test:1173:19)
    Test.run (node:internal/test_runner/test:1101:12)
    async Test.processPendingSubtests (node:internal/test_runner/test:744:7)
  ...
# Subtest: Execution Risk: wide spread (THIN) with ok size downgrades but ratio is fine
ok 22 - Execution Risk: wide spread (THIN) with ok size downgrades but ratio is fine
  ---
  duration_ms: 1.6022
  type: 'test'
  ...
# Subtest: Execution Risk: narrow spread (NORMAL) with ok size stays STRONGER
ok 23 - Execution Risk: narrow spread (NORMAL) with ok size stays STRONGER
  ---
  duration_ms: 1.2546
  type: 'test'
  ...
# Subtest: decision rejects hard unsupported/invalid blockers
ok 24 - decision rejects hard unsupported/invalid blockers
  ---
  duration_ms: 8.5656
  type: 'test'
  ...
# Subtest: decision waits on invalid data
ok 25 - decision waits on invalid data
  ---
  duration_ms: 0.4443
  type: 'test'
  ...
# Subtest: decision proceeds on degraded data but adds reason
not ok 26 - decision proceeds on degraded data but adds reason
  ---
  duration_ms: 0.9678
  type: 'test'
  location: 'C:\\Users\\HP\\Desktop\\newBitgetProject\\tests\\decision.test.cjs:37:1'
  failureType: 'testCodeFailure'
  error: "Cannot read properties of undefined (reading 'quality')"
  code: 'ERR_TEST_FAILURE'
  name: 'TypeError'
  stack: |-
    evaluateDecision (C:\Users\HP\Desktop\newBitgetProject\dist-core\src\core\decision\policy.js:81:55)
    TestContext.<anonymous> (C:\Users\HP\Desktop\newBitgetProject\tests\decision.test.cjs:38:18)
    Test.runInAsyncScope (node:async_hooks:214:14)
    Test.run (node:internal/test_runner/test:1047:25)
    Test.processPendingSubtests (node:internal/test_runner/test:744:18)
    Test.postRun (node:internal/test_runner/test:1173:19)
    Test.run (node:internal/test_runner/test:1101:12)
    async Test.processPendingSubtests (node:internal/test_runner/test:744:7)
  ...
# Subtest: decision waits on material uncertainty
ok 27 - decision waits on material uncertainty
  ---
  duration_ms: 0.3776
  type: 'test'
  ...
# Subtest: decision can proceed when no hard blocker is present
not ok 28 - decision can proceed when no hard blocker is present
  ---
  duration_ms: 0.8482
  type: 'test'
  location: 'C:\\Users\\HP\\Desktop\\newBitgetProject\\tests\\decision.test.cjs:49:1'
  failureType: 'testCodeFailure'
  error: "Cannot read properties of undefined (reading 'quality')"
  code: 'ERR_TEST_FAILURE'
  name: 'TypeError'
  stack: |-
    evaluateDecision (C:\Users\HP\Desktop\newBitgetProject\dist-core\src\core\decision\policy.js:81:55)
    TestContext.<anonymous> (C:\Users\HP\Desktop\newBitgetProject\tests\decision.test.cjs:50:18)
    Test.runInAsyncScope (node:async_hooks:214:14)
    Test.run (node:internal/test_runner/test:1047:25)
    Test.processPendingSubtests (node:internal/test_runner/test:744:18)
    Test.postRun (node:internal/test_runner/test:1173:19)
    Test.run (node:internal/test_runner/test:1101:12)
    async Test.processPendingSubtests (node:internal/test_runner/test:744:7)
  ...
# Subtest: decision reduce on severe position risk
not ok 29 - decision reduce on severe position risk
  ---
  duration_ms: 0.8283
  type: 'test'
  location: 'C:\\Users\\HP\\Desktop\\newBitgetProject\\tests\\decision.test.cjs:55:1'
  failureType: 'testCodeFailure'
  error: "Cannot read properties of undefined (reading 'quality')"
  code: 'ERR_TEST_FAILURE'
  name: 'TypeError'
  stack: |-
    evaluateDecision (C:\Users\HP\Desktop\newBitgetProject\dist-core\src\core\decision\policy.js:109:32)
    TestContext.<anonymous> (C:\Users\HP\Desktop\newBitgetProject\tests\decision.test.cjs:56:18)
    Test.runInAsyncScope (node:async_hooks:214:14)
    Test.run (node:internal/test_runner/test:1047:25)
    Test.processPendingSubtests (node:internal/test_runner/test:744:18)
    Test.postRun (node:internal/test_runner/test:1173:19)
    Test.run (node:internal/test_runner/test:1101:12)
    async Test.processPendingSubtests (node:internal/test_runner/test:744:7)
  ...
# Subtest: decision rejects on insufficient thesis
ok 30 - decision rejects on insufficient thesis
  ---
  duration_ms: 0.4577
  type: 'test'
  ...
# Subtest: decision rejects on contradicted thesis and weak position
not ok 31 - decision rejects on contradicted thesis and weak position
  ---
  duration_ms: 0.8574
  type: 'test'
  location: 'C:\\Users\\HP\\Desktop\\newBitgetProject\\tests\\decision.test.cjs:75:1'
  failureType: 'testCodeFailure'
  error: "Cannot read properties of undefined (reading 'quality')"
  code: 'ERR_TEST_FAILURE'
  name: 'TypeError'
  stack: |-
    evaluateDecision (C:\Users\HP\Desktop\newBitgetProject\dist-core\src\core\decision\policy.js:47:69)
    TestContext.<anonymous> (C:\Users\HP\Desktop\newBitgetProject\tests\decision.test.cjs:76:18)
    Test.runInAsyncScope (node:async_hooks:214:14)
    Test.run (node:internal/test_runner/test:1047:25)
    Test.processPendingSubtests (node:internal/test_runner/test:744:18)
    Test.postRun (node:internal/test_runner/test:1173:19)
    Test.run (node:internal/test_runner/test:1101:12)
    async Test.processPendingSubtests (node:internal/test_runner/test:744:7)
  ...
# Subtest: decision waits on off-hours market with weak position
not ok 32 - decision waits on off-hours market with weak position
  ---
  duration_ms: 1.3727
  type: 'test'
  location: 'C:\\Users\\HP\\Desktop\\newBitgetProject\\tests\\decision.test.cjs:85:1'
  failureType: 'testCodeFailure'
  error: "Cannot read properties of undefined (reading 'quality')"
  code: 'ERR_TEST_FAILURE'
  name: 'TypeError'
  stack: |-
    evaluateDecision (C:\Users\HP\Desktop\newBitgetProject\dist-core\src\core\decision\policy.js:81:55)
    TestContext.<anonymous> (C:\Users\HP\Desktop\newBitgetProject\tests\decision.test.cjs:86:18)
    Test.runInAsyncScope (node:async_hooks:214:14)
    Test.run (node:internal/test_runner/test:1047:25)
    Test.processPendingSubtests (node:internal/test_runner/test:744:18)
    Test.postRun (node:internal/test_runner/test:1173:19)
    Test.run (node:internal/test_runner/test:1101:12)
    async Test.processPendingSubtests (node:internal/test_runner/test:744:7)
  ...
# Subtest: precedence: fatal invalid trade overrides critical data blocker
ok 33 - precedence: fatal invalid trade overrides critical data blocker
  ---
  duration_ms: 1.2115
  type: 'test'
  ...
# Subtest: precedence: critical data blocker overrides insufficient thesis
ok 34 - precedence: critical data blocker overrides insufficient thesis
  ---
  duration_ms: 0.7424
  type: 'test'
  ...
# Subtest: precedence: insufficient thesis overrides contradicted thesis
ok 35 - precedence: insufficient thesis overrides contradicted thesis
  ---
  duration_ms: 0.464
  type: 'test'
  ...
# Subtest: precedence: contradicted thesis overrides material uncertainty
not ok 36 - precedence: contradicted thesis overrides material uncertainty
  ---
  duration_ms: 1.6003
  type: 'test'
  location: 'C:\\Users\\HP\\Desktop\\newBitgetProject\\tests\\decision.test.cjs:125:1'
  failureType: 'testCodeFailure'
  error: "Cannot read properties of undefined (reading 'quality')"
  code: 'ERR_TEST_FAILURE'
  name: 'TypeError'
  stack: |-
    evaluateDecision (C:\Users\HP\Desktop\newBitgetProject\dist-core\src\core\decision\policy.js:47:69)
    TestContext.<anonymous> (C:\Users\HP\Desktop\newBitgetProject\tests\decision.test.cjs:126:18)
    Test.runInAsyncScope (node:async_hooks:214:14)
    Test.run (node:internal/test_runner/test:1047:25)
    Test.processPendingSubtests (node:internal/test_runner/test:744:18)
    Test.postRun (node:internal/test_runner/test:1173:19)
    Test.run (node:internal/test_runner/test:1101:12)
    async Test.processPendingSubtests (node:internal/test_runner/test:744:7)
  ...
# Subtest: CompositeEvidenceProvider retrieves evidence with valid fields and provenanceType
ok 37 - CompositeEvidenceProvider retrieves evidence with valid fields and provenanceType
  ---
  duration_ms: 5711.567
  type: 'test'
  ...
# Subtest: CompositeEvidenceProvider falls back gracefully on network error
not ok 38 - CompositeEvidenceProvider falls back gracefully on network error
  ---
  duration_ms: 3854.5294
  type: 'test'
  location: 'C:\\Users\\HP\\Desktop\\newBitgetProject\\tests\\evidence.test.cjs:19:1'
  failureType: 'testCodeFailure'
  error: 'Live evidence retrieval failed: HTTP GET https://invalid-non-existent-domain-12345.org/v1/finance/search?q=NVDA&newsCount=2 network error: queryA ENOTFOUND invalid-non-existent-domain-12345.org'
  code: 'ERR_TEST_FAILURE'
  stack: |-
    CompositeEvidenceProvider.retrieveEvidence (C:\Users\HP\Desktop\newBitgetProject\dist-core\src\adapters\evidence\provider.js:94:19)
    process.processTicksAndRejections (node:internal/process/task_queues:103:5)
    async TestContext.<anonymous> (C:\Users\HP\Desktop\newBitgetProject\tests\evidence.test.cjs:22:17)
    async Test.run (node:internal/test_runner/test:1054:7)
    async Test.processPendingSubtests (node:internal/test_runner/test:744:7)
  ...
# Subtest: Expanded Vertical Slice Tests
    # Subtest: O. Demo Mode determinism & M. full Decision Artifact assembly
    not ok 1 - O. Demo Mode determinism & M. full Decision Artifact assembly
      ---
      duration_ms: 18.5226
      type: 'test'
      location: 'C:\\Users\\HP\\Desktop\\newBitgetProject\\tests\\expanded-vertical-slice.test.cjs:47:11'
      failureType: 'testCodeFailure'
      error: |-
        Expected values to be strictly equal:
        + actual - expected
        
        + 'CLARIFICATION'
        - 'DECISION_READY'
        
      code: 'ERR_ASSERTION'
      name: 'AssertionError'
      expected: 'DECISION_READY'
      actual: 'CLARIFICATION'
      operator: 'strictEqual'
      stack: |-
        TestContext.<anonymous> (C:\Users\HP\Desktop\newBitgetProject\tests\expanded-vertical-slice.test.cjs:53:12)
        async Test.run (node:internal/test_runner/test:1054:7)
        async TestContext.<anonymous> (C:\Users\HP\Desktop\newBitgetProject\tests\expanded-vertical-slice.test.cjs:47:3)
        async Test.run (node:internal/test_runner/test:1054:7)
        async startSubtestAfterBootstrap (node:internal/test_runner/harness:296:3)
      ...
    # Subtest: A. Domain validation & Q. adversarial inputs
    ok 2 - A. Domain validation & Q. adversarial inputs
      ---
      duration_ms: 1.9899
      type: 'test'
      ...
    # Subtest: B. Parser normalization & C. Entry-price semantics
    ok 3 - B. Parser normalization & C. Entry-price semantics
      ---
      duration_ms: 4.201
      type: 'test'
      ...
    # Subtest: D. Market-state assembly & E. Reference-provider failures
    ok 4 - D. Market-state assembly & E. Reference-provider failures
      ---
      duration_ms: 1.0608
      type: 'test'
      ...
    # Subtest: F. Evidence states & K. evidence-reference validation
    not ok 5 - F. Evidence states & K. evidence-reference validation
      ---
      duration_ms: 1.1691
      type: 'test'
      location: 'C:\\Users\\HP\\Desktop\\newBitgetProject\\tests\\expanded-vertical-slice.test.cjs:83:11'
      failureType: 'testCodeFailure'
      error: "Cannot read properties of null (reading 'evidence')"
      code: 'ERR_TEST_FAILURE'
      name: 'TypeError'
      stack: |-
        TestContext.<anonymous> (C:\Users\HP\Desktop\newBitgetProject\tests\expanded-vertical-slice.test.cjs:85:28)
        async Test.run (node:internal/test_runner/test:1054:7)
        async TestContext.<anonymous> (C:\Users\HP\Desktop\newBitgetProject\tests\expanded-vertical-slice.test.cjs:83:3)
        async Test.run (node:internal/test_runner/test:1054:7)
        async startSubtestAfterBootstrap (node:internal/test_runner/harness:296:3)
      ...
    # Subtest: G. Scenario engine invariants
    not ok 6 - G. Scenario engine invariants
      ---
      duration_ms: 0.7158
      type: 'test'
      location: 'C:\\Users\\HP\\Desktop\\newBitgetProject\\tests\\expanded-vertical-slice.test.cjs:89:11'
      failureType: 'testCodeFailure'
      error: "Cannot read properties of null (reading 'scenarios')"
      code: 'ERR_TEST_FAILURE'
      name: 'TypeError'
      stack: |-
        TestContext.<anonymous> (C:\Users\HP\Desktop\newBitgetProject\tests\expanded-vertical-slice.test.cjs:91:36)
        async Test.run (node:internal/test_runner/test:1054:7)
        async TestContext.<anonymous> (C:\Users\HP\Desktop\newBitgetProject\tests\expanded-vertical-slice.test.cjs:89:3)
        async Test.run (node:internal/test_runner/test:1054:7)
        async startSubtestAfterBootstrap (node:internal/test_runner/harness:296:3)
      ...
    # Subtest: H. Deterministic position quality
    not ok 7 - H. Deterministic position quality
      ---
      duration_ms: 1.0892
      type: 'test'
      location: 'C:\\Users\\HP\\Desktop\\newBitgetProject\\tests\\expanded-vertical-slice.test.cjs:100:11'
      failureType: 'testCodeFailure'
      error: 'scenarios.filter is not a function'
      code: 'ERR_TEST_FAILURE'
      name: 'TypeError'
      stack: |-
        classifyPositionQuality (C:\Users\HP\Desktop\newBitgetProject\dist-core\src\core\decision\classifyPosition.js:43:34)
        TestContext.<anonymous> (C:\Users\HP\Desktop\newBitgetProject\tests\expanded-vertical-slice.test.cjs:101:21)
        Test.runInAsyncScope (node:async_hooks:214:14)
        Test.run (node:internal/test_runner/test:1047:25)
        Test.start (node:internal/test_runner/test:944:17)
        TestContext.test (node:internal/test_runner/test:373:20)
        TestContext.<anonymous> (C:\Users\HP\Desktop\newBitgetProject\tests\expanded-vertical-slice.test.cjs:100:11)
        async Test.run (node:internal/test_runner/test:1054:7)
        async startSubtestAfterBootstrap (node:internal/test_runner/harness:296:3)
      ...
    # Subtest: I. Decision-policy precedence
    not ok 8 - I. Decision-policy precedence
      ---
      duration_ms: 1.879
      type: 'test'
      location: 'C:\\Users\\HP\\Desktop\\newBitgetProject\\tests\\expanded-vertical-slice.test.cjs:112:11'
      failureType: 'testCodeFailure'
      error: "Cannot read properties of undefined (reading 'quality')"
      code: 'ERR_TEST_FAILURE'
      name: 'TypeError'
      stack: |-
        evaluateDecision (C:\Users\HP\Desktop\newBitgetProject\dist-core\src\core\decision\policy.js:109:32)
        TestContext.<anonymous> (C:\Users\HP\Desktop\newBitgetProject\tests\expanded-vertical-slice.test.cjs:113:22)
        Test.runInAsyncScope (node:async_hooks:214:14)
        Test.run (node:internal/test_runner/test:1047:25)
        Test.start (node:internal/test_runner/test:944:17)
        TestContext.test (node:internal/test_runner/test:373:20)
        TestContext.<anonymous> (C:\Users\HP\Desktop\newBitgetProject\tests\expanded-vertical-slice.test.cjs:112:11)
        async Test.run (node:internal/test_runner/test:1054:7)
        async startSubtestAfterBootstrap (node:internal/test_runner/harness:296:3)
      ...
    # Subtest: J. LLM schema validation & N. partial-analysis modes
    ok 9 - J. LLM schema validation & N. partial-analysis modes
      ---
      duration_ms: 1.5779
      type: 'test'
      ...
    # Subtest: L. provenance compilation
    not ok 10 - L. provenance compilation
      ---
      duration_ms: 1.1393
      type: 'test'
      location: 'C:\\Users\\HP\\Desktop\\newBitgetProject\\tests\\expanded-vertical-slice.test.cjs:127:11'
      failureType: 'testCodeFailure'
      error: "Cannot read properties of null (reading 'provenance')"
      code: 'ERR_TEST_FAILURE'
      name: 'TypeError'
      stack: |-
        TestContext.<anonymous> (C:\Users\HP\Desktop\newBitgetProject\tests\expanded-vertical-slice.test.cjs:129:28)
        async Test.run (node:internal/test_runner/test:1054:7)
        async TestContext.<anonymous> (C:\Users\HP\Desktop\newBitgetProject\tests\expanded-vertical-slice.test.cjs:127:3)
        async Test.run (node:internal/test_runner/test:1054:7)
        async startSubtestAfterBootstrap (node:internal/test_runner/harness:296:3)
      ...
    # Subtest: P. API boundary validation
    ok 11 - P. API boundary validation
      ---
      duration_ms: 1.6163
      type: 'test'
      ...
    1..11
not ok 39 - Expanded Vertical Slice Tests
  ---
  duration_ms: 45.5253
  type: 'test'
  location: 'C:\\Users\\HP\\Desktop\\newBitgetProject\\tests\\expanded-vertical-slice.test.cjs:44:1'
  failureType: 'subtestsFailed'
  error: '6 subtests failed'
  code: 'ERR_TEST_FAILURE'
  ...
# Subtest: liquidity classification
ok 40 - liquidity classification
  ---
  duration_ms: 2.4995
  type: 'test'
  ...
# Subtest: Live Integration Test
ok 41 - Live Integration Test # SKIP
  ---
  duration_ms: 2.6289
  type: 'test'
  ...
# Subtest: MarketStateService returns fixture when useFixture is true
ok 42 - MarketStateService returns fixture when useFixture is true
  ---
  duration_ms: 3.6123
  type: 'test'
  ...
# Subtest: MarketStateService throws on unsupported asset
ok 43 - MarketStateService throws on unsupported asset
  ---
  duration_ms: 3.3678
  type: 'test'
  ...
# Subtest: MarketStateService synthesizes live state with mock providers correctly
not ok 44 - MarketStateService synthesizes live state with mock providers correctly
  ---
  duration_ms: 82.4026
  type: 'test'
  location: 'C:\\Users\\HP\\Desktop\\newBitgetProject\\tests\\marketStateService.test.cjs:22:1'
  failureType: 'testCodeFailure'
  error: |-
    Expected values to be strictly equal:
    + actual - expected
    
    + 'UNKNOWN'
    - 'REGULAR'
    
  code: 'ERR_ASSERTION'
  name: 'AssertionError'
  expected: 'REGULAR'
  actual: 'UNKNOWN'
  operator: 'strictEqual'
  stack: |-
    TestContext.<anonymous> (C:\Users\HP\Desktop\newBitgetProject\tests\marketStateService.test.cjs:89:10)
    async Test.run (node:internal/test_runner/test:1054:7)
    async Test.processPendingSubtests (node:internal/test_runner/test:744:7)
  ...
# Subtest: MarketStateService degrades cleanly when reference price fails
ok 45 - MarketStateService degrades cleanly when reference price fails
  ---
  duration_ms: 5.7711
  type: 'test'
  ...
# Subtest: matrix 1: buy $2,000 of rNVDA because...
ok 46 - matrix 1: buy $2,000 of rNVDA because...
  ---
  duration_ms: 15.9664
  type: 'test'
  ...
# Subtest: matrix 2: I'm long rNVDA for about two grand because...
ok 47 - matrix 2: I'm long rNVDA for about two grand because...
  ---
  duration_ms: 1.8349
  type: 'test'
  ...
# Subtest: matrix 3: go long rNVDAUSDT with 2000 USDT because...
ok 48 - matrix 3: go long rNVDAUSDT with 2000 USDT because...
  ---
  duration_ms: 8.7958
  type: 'test'
  ...
# Subtest: matrix 4: thinking about buying NVDA -> clarification on asset
ok 49 - matrix 4: thinking about buying NVDA -> clarification on asset
  ---
  duration_ms: 0.6476
  type: 'test'
  ...
# Subtest: matrix 5: missing size -> clarification
ok 50 - matrix 5: missing size -> clarification
  ---
  duration_ms: 0.603
  type: 'test'
  ...
# Subtest: matrix 6: missing direction -> clarification
ok 51 - matrix 6: missing direction -> clarification
  ---
  duration_ms: 0.4966
  type: 'test'
  ...
# Subtest: matrix 7: missing asset -> clarification
ok 52 - matrix 7: missing asset -> clarification
  ---
  duration_ms: 0.5034
  type: 'test'
  ...
# Subtest: matrix 8: zero size -> reject/clarify
ok 53 - matrix 8: zero size -> reject/clarify
  ---
  duration_ms: 0.3344
  type: 'test'
  ...
# Subtest: matrix 9: negative size -> reject/clarify
ok 54 - matrix 9: negative size -> reject/clarify
  ---
  duration_ms: 1.1647
  type: 'test'
  ...
# Subtest: matrix 10: invalid price -> reject safely
ok 55 - matrix 10: invalid price -> reject safely
  ---
  duration_ms: 1.5514
  type: 'test'
  ...
# Subtest: matrix 11: explicit entry price -> preserve it exactly
ok 56 - matrix 11: explicit entry price -> preserve it exactly
  ---
  duration_ms: 1.0409
  type: 'test'
  ...
# Subtest: matrix 12: no entry price -> derive from timestamped observation
ok 57 - matrix 12: no entry price -> derive from timestamped observation
  ---
  duration_ms: 7.3637
  type: 'test'
  ...
# Subtest: parses full reference prompt correctly without clarification
ok 58 - parses full reference prompt correctly without clarification
  ---
  duration_ms: 14.6243
  type: 'test'
  ...
# Subtest: asks clarification when position size is missing
ok 59 - asks clarification when position size is missing
  ---
  duration_ms: 2.4045
  type: 'test'
  ...
# Subtest: asks clarification when direction is missing
ok 60 - asks clarification when direction is missing
  ---
  duration_ms: 0.932
  type: 'test'
  ...
# Subtest: asks clarification when thesis is missing
ok 61 - asks clarification when thesis is missing
  ---
  duration_ms: 0.6393
  type: 'test'
  ...
# Subtest: all MVP scenarios are produced including thesis failure
ok 62 - all MVP scenarios are produced including thesis failure
  ---
  duration_ms: 8.591
  type: 'test'
  ...
# Subtest: market shock is deterministic
ok 63 - market shock is deterministic
  ---
  duration_ms: 0.5675
  type: 'test'
  ...
# Subtest: crypto contagion never invents beta
ok 64 - crypto contagion never invents beta
  ---
  duration_ms: 0.8446
  type: 'test'
  ...
# Subtest: microstructure widening uses reference price and explicit basis assumption with adverse directional shift
ok 65 - microstructure widening uses reference price and explicit basis assumption with adverse directional shift
  ---
  duration_ms: 0.4883
  type: 'test'
  ...
# Subtest: combined scenario composes explicit shocks and is adverse
ok 66 - combined scenario composes explicit shocks and is adverse
  ---
  duration_ms: 0.5677
  type: 'test'
  ...
# Subtest: invariant: adverse long shock cannot improve long P&L
ok 67 - invariant: adverse long shock cannot improve long P&L
  ---
  duration_ms: 0.3359
  type: 'test'
  ...
# Subtest: invariant: adverse short shock cannot improve short P&L
ok 68 - invariant: adverse short shock cannot improve short P&L
  ---
  duration_ms: 0.2686
  type: 'test'
  ...
# Subtest: invariant: scenario price must remain positive
ok 69 - invariant: scenario price must remain positive
  ---
  duration_ms: 0.2879
  type: 'test'
  ...
# Subtest: invariant: zero/missing required inputs cannot produce a plausible-looking result
ok 70 - invariant: zero/missing required inputs cannot produce a plausible-looking result
  ---
  duration_ms: 3.947
  type: 'test'
  ...
# Subtest: session status correctly identifies regular trading hours (e.g. Wednesday 11:00 AM ET)
ok 71 - session status correctly identifies regular trading hours (e.g. Wednesday 11:00 AM ET)
  ---
  duration_ms: 65.3554
  type: 'test'
  ...
# Subtest: session status correctly identifies off-hours before market open (e.g. Wednesday 08:30 AM ET)
ok 72 - session status correctly identifies off-hours before market open (e.g. Wednesday 08:30 AM ET)
  ---
  duration_ms: 0.5962
  type: 'test'
  ...
# Subtest: session status correctly identifies weekend (e.g. Saturday 12:00 PM ET)
ok 73 - session status correctly identifies weekend (e.g. Saturday 12:00 PM ET)
  ---
  duration_ms: 0.6413
  type: 'test'
  ...
# Subtest: session status correctly identifies Friday evening post-close as off-hours
ok 74 - session status correctly identifies Friday evening post-close as off-hours
  ---
  duration_ms: 0.4079
  type: 'test'
  ...
# Subtest: session status correctly identifies holiday closures
ok 75 - session status correctly identifies holiday closures
  ---
  duration_ms: 2.7453
  type: 'test'
  ...
# Subtest: session status correctly identifies Wednesday after-hours
ok 76 - session status correctly identifies Wednesday after-hours
  ---
  duration_ms: 0.8154
  type: 'test'
  ...
# Subtest: session status correctly identifies Sunday
ok 77 - session status correctly identifies Sunday
  ---
  duration_ms: 3.6649
  type: 'test'
  ...
# Subtest: session status handles timezone boundary around 09:30 ET
ok 78 - session status handles timezone boundary around 09:30 ET
  ---
  duration_ms: 1.3679
  type: 'test'
  ...
# Subtest: session status handles timezone boundary around 16:00 ET
ok 79 - session status handles timezone boundary around 16:00 ET
  ---
  duration_ms: 1.8368
  type: 'test'
  ...
# Subtest: session status works correctly during DST transition week (Spring Forward)
ok 80 - session status works correctly during DST transition week (Spring Forward)
  ---
  duration_ms: 1.9943
  type: 'test'
  ...
# Subtest: session status works correctly during DST transition week (Fall Back)
ok 81 - session status works correctly during DST transition week (Fall Back)
  ---
  duration_ms: 1.4372
  type: 'test'
  ...
# Subtest: session status can handle 'tomorrow'
ok 82 - session status can handle 'tomorrow'
  ---
  duration_ms: 0.9711
  type: 'test'
  ...
# Subtest: session status handles invalid date gracefully
ok 83 - session status handles invalid date gracefully
  ---
  duration_ms: 0.3401
  type: 'test'
  ...
# Subtest: Truth Table Verification
ok 84 - Truth Table Verification
  ---
  duration_ms: 7.7386
  type: 'test'
  ...
# Subtest: trade validation rejects invalid size and empty thesis
ok 85 - trade validation rejects invalid size and empty thesis
  ---
  duration_ms: 2.2374
  type: 'test'
  ...
# Subtest: market validation rejects invalid price relationships
ok 86 - market validation rejects invalid price relationships
  ---
  duration_ms: 0.6585
  type: 'test'
  ...
# Subtest: data quality detects stale observations as degraded
ok 87 - data quality detects stale observations as degraded
  ---
  duration_ms: 0.6
  type: 'test'
  ...
# Subtest: data quality treats missing optional context as degraded, not invalid
ok 88 - data quality treats missing optional context as degraded, not invalid
  ---
  duration_ms: 0.4339
  type: 'test'
  ...
# Subtest: data quality rejects missing instrument price
ok 89 - data quality rejects missing instrument price
  ---
  duration_ms: 3.7969
  type: 'test'
  ...
# Subtest: full vertical slice executes end-to-end with fixture data
ok 90 - full vertical slice executes end-to-end with fixture data
  ---
  duration_ms: 13.529
  type: 'test'
  ...
# Subtest: vertical slice pauses for clarification on underspecified trade input
ok 91 - vertical slice pauses for clarification on underspecified trade input
  ---
  duration_ms: 1.7115
  type: 'test'
  ...
# Untrusted Yahoo base URL: http://127.0.0.1:61633. Falling back to default.
# Subtest: YahooReferenceProvider integration tests
    # Subtest: valid quote
    ok 1 - valid quote
      ---
      duration_ms: 54.1002
      type: 'test'
      ...
    # Subtest: missing regularMarketPrice but valid previousClose
    ok 2 - missing regularMarketPrice but valid previousClose
      ---
      duration_ms: 4.7261
      type: 'test'
      ...
    # Subtest: stale quote / missing regularMarketTime throws error
    ok 3 - stale quote / missing regularMarketTime throws error
      ---
      duration_ms: 6.3856
      type: 'test'
      ...
    # Subtest: malformed response
    ok 4 - malformed response
      ---
      duration_ms: 8.2872
      type: 'test'
      ...
    # Subtest: network timeout
    ok 5 - network timeout
      ---
      duration_ms: 9.3375
      type: 'test'
      ...
    1..5
ok 92 - YahooReferenceProvider integration tests
  ---
  duration_ms: 101.465
  type: 'test'
  ...
1..92
# tests 125
# suites 0
# pass 104
# fail 20
# cancelled 0
# skipped 1
# todo 0
# duration_ms 11803.0265
